




                           ╭────────────────────────╮
                           │                        │
                           │     Select Quality     │
                           │                        │
                           │  │ Best Quality        │
                           │  │                     │
                           │    1080p (mp4)         │
                           │                        │
                           │    720p (mp4)          │
                           │                        │
                           │                        │
                           │    ••                  │
                           │                        │
                           ╰────────────────────────╯




