[3A  [1] Home    [2] Library    [3] Search                                         
────────────────────────────────────────────────────────────────────────────────
Press 'a' to authenticate to view library                                       
/ search  p play  P play album  enter open  tab next section  L load all …      