[3A  [1] Home    [2] Library    [3] Search                                         
────────────────────────────────────────────────────────────────────────────────
Home feed not loaded                                                            
/ search  p play  P play album  enter open  S subscribe  tab next section …     