[23A  [1] Feed    [2] Subs    [3] Search    [4] @ Fake Channel                      
────────────────────────────────────────────────────────────────────────────────
 Videos  Playlists  Posts  Livestreams  About                                   
                     > Friday Night Stream  4:32:10                             
                       Fake Channel  15K views                                  
                                                                                
                                                                                
                                                                                
                                                                                
                       Weekend Marathon  6:15:00                                
                       Fake Channel  8K views                                   
                                                                                
                                                                                
                                                                                
                                                                                
                                                                                
                                                                                
                                                                                
                                                                                
                                                                                
                                                                                
                                                                                
                                                                                
1 feed  2 subscriptions  / search  ? help  q quit                               