[23A  [1] Home    [2] Library    [3] Search                                         
────────────────────────────────────────────────────────────────────────────────
 Playlists  Songs  Albums  Subscriptions                                        
> ≡ My Playlist                                                                 
    25 songs                                                                    
                                                                                
  ≡ Liked Songs                                                                 
    100 songs                                                                   
                                                                                
                                                                                
                                                                                
                                                                                
                                                                                
                                                                                
                                                                                
                                                                                
                                                                                
                                                                                
                                                                                
                                                                                
                                                                                
                                                                                
  Press L to load more                                                          
/ search  p play  P play album  enter open  tab next section  L load all …      