  [1] Feed    [2] Subs    [3] Search    [4] Comments Test Video
────────────────────────────────────────────────────────────────────────────────
 Info  Comments
> Alice  3 hours ago
    This is amazing!
    👍 500

  Bob  5 hours ago
    I learned so much from this.
    👍 200

  Charlie  1 day ago
    Can you make a follow-up?
    👍 89

Press L to load more comments

[j/k] navigate  [l] expand  [h] collapse  [L] load more





1 feed  2 subscriptions  / search  ? help  q quit