  [1] Home    [2] Library    [3] Search
────────────────────────────────────────────────────────────────────────────────
 > music test
> ♪ Top Hit Song
    Famous Artist

  ♪ Song One
    Artist A

  ♪ Song Two
    Artist B

  ◉ Great Album
    Artist A









/ search  p play  P play album  enter open  S subscribe  tab next section …