[23A  [1] Feed    [2] Subs    [3] Search                                            
────────────────────────────────────────────────────────────────────────────────
 > Search YouTube...                                                            
No items.                                                                       
                                                                                
                                                                                
                                                                                
                                                                                
                                                                                
                                                                                
                                                                                
                                                                                
                                                                                
                                                                                
                                                                                
                                                                                
                                                                                
                                                                                
k   up                1   feed             p play                …              
j   down              2   subscriptions    P play (pick quality)                
C-b page up           /   search           d download                           
C-f page down         esc back             i details                            
C-u half page up                                                                
C-d half page down                                                              