  [1] Home    [2] Library    [3] Search
────────────────────────────────────────────────────────────────────────────────
 > Search YouTube Music...
No items.


















client params scrape failed: music: connection refused
/ search  p play  P play album  enter open  S subscribe  tab next section …