[23A                                                                                
                                                                                
                                                                                
                                                                                
                                                                                
                                                                                
                                                                                
                                                                                
              ╭─────────────────────────────────────────────────╮               
              │                                                 │               
              │  Open URL                                       │               
              │                                                 │               
              │  > Paste YouTube URL or video ID...             │               
              │                                                 │               
              ╰─────────────────────────────────────────────────╯               
                                                                                
                                                                                
                                                                                
                                                                                
                                                                                
                                                                                
                                                                                
                                                                                
                                                                                