  [1] Home    [2] Library    [3] Search    [4] ♫ Test Artist
────────────────────────────────────────────────────────────────────────────────
 Songs  About
Test Artist

500 subscribers
✓ Subscribed

Synthetic artist for golden tests.

Subscribed to Test Artist
/ search  p play  P play album  enter open  S subscribe  tab next section …











