  [1] Feed    [2] Subs    [3] Search    [4] @ Fake Gaming Cha...    [5] ✎ Who
wants to ...
────────────────────────────────────────────────────────────────────────────────
 Post  Comments
Fake Gaming Channel  3 months ago

Who wants to see more challenge runs on our channel?
New adventures of the creative player number one coming soon!

113 likes













1 feed  2 subscriptions  / search  ? help  q quit