[23A  [1] Home    [2] Library    [3] Search                                         
────────────────────────────────────────────────────────────────────────────────
 > album test                                                                   
> ♪ Top Hit Song                                                                
  Famous Artist                                                                 
                                                                                
  ♪ Song One                                                                    
  Artist A                                                                      
                                                                                
                       ◉ Great Album                                            
                       Album • Artist A • 2024                                  
                                                                                
                                                                                
                                                                                
                                                                                
                                                                                
                                                                                
                                                                                
                                                                                
                                                                                
                                                                                
                                                                                
  ••                                                                            
/ search  p play  P play album  enter open  tab next section  L load all …      