[23A  [1] Home    [2] Library    [3] Search    [4] ♫ Test Artist                    
────────────────────────────────────────────────────────────────────────────────
 Songs  Albums                                                                  
> ♪ Hit Song                                                                    
    Test Artist                                                                 
                                                                                
  ♪ Another Hit                                                                 
    Test Artist                                                                 
                                                                                
                                                                                
                                                                                
                                                                                
                                                                                
                                                                                
                                                                                
                                                                                
                                                                                
                                                                                
                                                                                
                                                                                
                                                                                
                                                                                
                                                                                
/ search  p play  P play album  enter open  S subscribe  tab next section …     