[23A  [1] Feed    [2] Subs    [3] Search    [4] @ Test Channel                      
────────────────────────────────────────────────────────────────────────────────
 Videos  Playlists  Posts                                                       
> Channel Vid From C Key  10:00                                                 
    Test Channel  2K views  2 days ago                                          
                                                                                
                                                                                
                                                                                
                                                                                
                                                                                
                                                                                
                                                                                
                                                                                
                                                                                
                                                                                
                                                                                
                                                                                
                                                                                
                                                                                
                                                                                
                                                                                
                                                                                
                                                                                
1 feed  2 subscriptions  / search  ? help  q quit                               