  [1] Home    [2] Library    [3] Search
────────────────────────────────────────────────────────────────────────────────
 > Search YouTube Music...
No items.









/     search
p     play
P     play album
enter open
S     subscribe
tab   next section
L     load all
a     authenticate
O     open URL
esc   back
q     quit