  [1] Feed    [2] Subs    [3] Search    [4] First Video Tab    [5] Second Video
Tab    [6] Third Video Tab
────────────────────────────────────────────────────────────────────────────────
 Info  Comments











Third Video Tab

Channel C

Views: 300K views  │  Duration: 30:00

https://youtube.com/watch?v=tab3

1 feed  2 subscriptions  / search  ? help  q quit