[23A  [1] Home    [2] Library    [3] Search                                         
────────────────────────────────────────────────────────────────────────────────
 Playlists  Songs  Albums  Subscriptions                                        
> ♪ Liked Song A                                                                
    Artist X                                                                    
                                                                                
  ♪ Liked Song B                                                                
    Artist Y                                                                    
                                                                                
                                                                                
                                                                                
                                                                                
                                                                                
                                                                                
                                                                                
                                                                                
                                                                                
                                                                                
                                                                                
                                                                                
                                                                                
                                                                                
                                                                                
/ search  p play  P play album  enter open  tab next section  L load all …      