[23A  [1] Home    [2] Library    [3] Search    [4] ◉ Test Album                     
────────────────────────────────────────────────────────────────────────────────
[ALBUM ART]                                                                     
             Test Album                                                         
             Test Artist  2024                                                  
             Album • 10 songs • 42 min                                          
             A great album for testing.                                         
> ♪ Track One  1. Test Artist                                                   
  ♪ Track Two  2. Test Artist                                                   
  ♪ Track Three  3. Test Artist                                                 
                                                                                
                                                                                
                                                                                
                                                                                
                                                                                
                                                                                
                                                                                
                                                                                
                                                                                
                                                                                
                                                                                
                                                                                
                                                                                
/ search  p play  P play album  enter open  S subscribe  tab next section …     