[10A  [1] Home    [2] Library    [3] Search    [4] ♫ Test Artist                    
────────────────────────────────────────────────────────────────────────────────
 About  Songs                                                                   
Test Artist                                                                     
                                                                                
500 subscribers                                                                 
○ Not subscribed                                                                
                                                                                
Synthetic artist for golden tests.                                              
                                                                                
/ search  p play  P play album  enter open  S subscribe  tab next section …     