[23A  [1] Feed    [2] Subs    [3] Search    [4] @ Fake Gaming Cha...    [5] ✎ Who   
wants to ...                                                                    
────────────────────────────────────────────────────────────────────────────────
 Post  Comments                                                                 
> FakeUser42  3 months ago                                                      
    More challenge runs please! The content is always great, thanks for the     
    regular uploads on the channel!                                             
    👍 45                                                                       
  ▸ 5 replies [l to expand]                                                     
                                                                                
  FakeGamer99  3 months ago                                                     
    When will there be a new tournament? Really looking forward to the next     
    season!                                                                     
    👍 23                                                                       
  ▸ 2 replies [l to expand]                                                     
                                                                                
  FakeViewer01  2 months ago                                                    
    Best gaming channel on YouTube! I watch every single day without fail!      
    👍 67                                                                       
                                                                                
  FakeAnalyst  2 months ago                                                     
    When will you review the new patch? There are many interesting changes for  
    all the different playstyles                                                
1 feed  2 subscriptions  / search  ? help  q quit                               