  [1] Home    [2] Library    [3] Search    [4] ♫ Test Artist
────────────────────────────────────────────────────────────────────────────────
 Songs  Albums  Videos  About
> ◉ Debut Album
    2023

  ◉ Second Album
    2024















/ search  p play  P play album  enter open  S subscribe  tab next section …