[23A  [1] Feed    [2] Subs    [3] Search    [4] @ Fake Channel    [5] ✎ Check out   
our...                                                                          
────────────────────────────────────────────────────────────────────────────────
 Post  Comments                                                                 
> User One  1 day ago                                                           
    Great post!                                                                 
    👍 42                                                                       
                                                                                
  User Two  2 days ago                                                          
    Thanks for sharing                                                          
    👍 10                                                                       
                                                                                
                                                                                
[j/k] navigate  [l] expand  [h] collapse  [L] load more                         
                                                                                
                                                                                
                                                                                
                                                                                
                                                                                
                                                                                
                                                                                
                                                                                
                                                                                
1 feed  2 subscriptions  / search  ? help  q quit                               