[23A  [1] Home    [2] Library    [3] Search                                         
────────────────────────────────────────────────────────────────────────────────
 > Search YouTube Music...                                                      
No items.                                                                       
                                                                                
                                                                                
                                                                                
                                                                                
                                                                                
                                                                                
                                                                                
                                                                                
                                                                                
                                                                                
                                                                                
                                                                                
                                                                                
                                                                                
                                                                                
                                                                                
                                                                                
                                                                                
                                                                                
/ search  p play  P play album  enter open  tab next section  L load all …      