  [1] Feed    [2] Subs    [3] Search
────────────────────────────────────────────────────────────────────────────────
                     > New Release: Go 1.22  5:30
                       Go Team  50K views  1 hour ago




                       Building CLI Tools in Go  22:10
                       Gopher Academy  12K views  3 hours ago













1 feed  2 subscriptions  / search  ? help  q quit