[23A  [1] Home    [2] Library    [3] Search                                         
────────────────────────────────────────────────────────────────────────────────
 Quick picks  Listen again                                                      
> ♪ Trending Song                                                               
    Popular Artist                                                              
                                                                                
  ♪ New Release                                                                 
    Rising Star                                                                 
                                                                                
                                                                                
                                                                                
                                                                                
                                                                                
                                                                                
                                                                                
                                                                                
                                                                                
                                                                                
                                                                                
                                                                                
                                                                                
                                                                                
                                                                                
/ search  p play  P play album  enter open  tab next section  L load all …      