  [1] Feed    [2] Subs    [3] Search    [4] @ Fake Channel    [5] ▶ Best Of
Compi...
────────────────────────────────────────────────────────────────────────────────
> Playlist Video One  8:00
    Fake Channel  5K views

  Playlist Video Two  6:30
    Fake Channel  3K views















1 feed  2 subscriptions  / search  ? help  q quit