[23A  [1] Feed    [2] Subs    [3] Search    [4] @ Fake Channel                      
────────────────────────────────────────────────────────────────────────────────
 Videos  Playlists  Posts                                                       
> Channel Video One  8:00                                                       
    Fake Channel  10K views  1 day ago                                          
                                                                                
  Channel Video Two  12:30                                                      
    Fake Channel  5K views  3 days ago                                          
                                                                                
                                                                                
                                                                                
                                                                                
                                                                                
                                                                                
                                                                                
                                                                                
                                                                                
                                                                                
                                                                                
                                                                                
                                                                                
                                                                                
                                                                                
1 feed  2 subscriptions  / search  ? help  q quit                               