  [1] Feed    [2] Subs    [3] Search
────────────────────────────────────────────────────────────────────────────────
> Go Team Official
    @golang · 250K subscribers

  Charm CLI
    @charmcli · 50K subscribers

  The Primeagen
    @ThePrimeagen · 1.2M subscribers













1 feed  2 subscriptions  / search  ? help  q quit