  [1] Feed    [2] Subs    [3] Search    [4] @ Fake Gaming Cha...
────────────────────────────────────────────────────────────────────────────────
 Videos  Playlists  Posts  Livestreams  About
> Who wants to see more challenge runs on our channel? New adventures of th...
  Fake Gaming Channel
  113 likes  3 months ago

  Short documentary about the impact of global events on gaming - including...
  Fake Gaming Channel
  61 likes  4 months ago

  The new balance patch is officially out! What are your impressions? Link ...
  Fake Gaming Channel
  96 likes  6 months ago

  Time to summarize our charity project, implemented together with a local ...
  Fake Gaming Channel
  431 likes  7 months ago




  ••
1 feed  2 subscriptions  / search  ? help  q quit